BL51 BANKED LINKER/LOCATER V6.22.4.0                                                    04/24/2025  23:28:07  PAGE 1


BL51 BANKED LINKER/LOCATER V6.22.4.0, INVOKED BY:
D:\KEIL\C51\BIN\BL51.EXE .\Objects\main.obj TO .\Objects\led_uint PRINT (.\Listings\led_uint.m51) RAMSIZE (256)


MEMORY MODEL: SMALL


INPUT MODULES INCLUDED:
  .\Objects\main.obj (MAIN)
  D:\KEIL\C51\LIB\C51S.LIB (?C_STARTUP)


LINK MAP OF MODULE:  .\Objects\led_uint (MAIN)


            TYPE    BASE      LENGTH    RELOCATION   SEGMENT NAME
            -----------------------------------------------------

            * * * * * * *   D A T A   M E M O R Y   * * * * * * *
            REG     0000H     0008H     ABSOLUTE     "REG BANK 0"
            IDATA   0008H     0001H     UNIT         ?STACK

            * * * * * * *   C O D E   M E M O R Y   * * * * * * *
            CODE    0000H     0003H     ABSOLUTE     
                    0003H     07FDH                  *** GAP ***
            CODE    0800H     0028H     UNIT         ?PR?MAIN?MAIN
            CODE    0828H     0020H     UNIT         ?PR?_DELAY_MS?MAIN
            CODE    0848H     000CH     UNIT         ?C_C51STARTUP



OVERLAY MAP OF MODULE:   .\Objects\led_uint (MAIN)


SEGMENT
  +--> CALLED SEGMENT
---------------------
?C_C51STARTUP
  +--> ?PR?MAIN?MAIN

?PR?MAIN?MAIN
  +--> ?PR?_DELAY_MS?MAIN



SYMBOL TABLE OF MODULE:  .\Objects\led_uint (MAIN)

  VALUE           TYPE          NAME
  ----------------------------------

  -------         MODULE        MAIN
  C:0000H         SYMBOL        _ICE_DUMMY_
  D:0090H         PUBLIC        P1
  D:00A0H         PUBLIC        P2
  D:00B0H         PUBLIC        P3
  D:00A8H         PUBLIC        IE
  D:00B8H         PUBLIC        IP
  C:0800H         PUBLIC        main
BL51 BANKED LINKER/LOCATER V6.22.4.0                                                  04/24/2025  23:28:07  PAGE 2


  C:0828H         PUBLIC        _Delay_ms
  D:0098H         PUBLIC        SCON
  D:0088H         PUBLIC        TCON
  D:00C8H         PUBLIC        T2CON
  D:00D0H         PUBLIC        PSW
  -------         PROC          _DELAY_MS
  D:0006H         SYMBOL        ms
  -------         DO            
  D:0004H         SYMBOL        i
  D:0002H         SYMBOL        j
  -------         ENDDO         
  C:0828H         LINE#         45
  C:0828H         LINE#         47
  C:0832H         LINE#         48
  C:0847H         LINE#         49
  -------         ENDPROC       _DELAY_MS
  -------         PROC          MAIN
  -------         DO            
  D:0082H         SYMBOL        led
  -------         ENDDO         
  C:0800H         LINE#         51
  C:0800H         LINE#         52
  C:0803H         LINE#         53
  C:0803H         LINE#         54
  C:0803H         LINE#         56
  C:0809H         LINE#         57
  C:0810H         LINE#         58
  C:0826H         LINE#         59
  -------         ENDPROC       MAIN
  -------         ENDMOD        MAIN

******************************************************************************
* RESTRICTED VERSION WITH 0800H BYTE CODE SIZE LIMIT; USED: 0048H BYTE ( 3%) *
******************************************************************************

Program Size: data=9.0 xdata=0 code=87
LINK/LOCATE RUN COMPLETE.  0 WARNING(S),  0 ERROR(S)
